// Vitest Snapshot v1, https://vitest.dev/guide/snapshot.html

exports[`M3Chip Story Snapshots > renders default story correctly 1`] = `
<div>
  <div
    aria-label="DocenteDoc AI Application"
    class="MuiPaper-root MuiPaper-elevation MuiPaper-rounded MuiPaper-elevation0 css-g3p503-MuiPaper-root"
    role="application"
    style="--Paper-shadow: none;"
  >
    <div
      class="MuiChip-root MuiChip-filled MuiChip-sizeMedium MuiChip-colorDefault MuiChip-filledDefault css-16uffbm-MuiChip-root"
    >
      <span
        class="MuiChip-label MuiChip-labelMedium css-1dybbl5-MuiChip-label"
      >
        Test Chip
      </span>
    </div>
  </div>
</div>
`;
