// Vitest Snapshot v1, https://vitest.dev/guide/snapshot.html

exports[`M3ExpressiveCard Story Snapshots > renders default story correctly 1`] = `
<div>
  <div
    aria-label="DocenteDoc AI Application"
    class="MuiPaper-root MuiPaper-elevation MuiPaper-rounded MuiPaper-elevation0 css-g3p503-MuiPaper-root"
    role="application"
    style="--Paper-shadow: none;"
  >
    <div
      style="position: relative; background-color: var(--md-sys-color-surface-container-high); color: var(--md-sys-color-on-surface); border: var(--md-sys-border-width-normal) solid var(--md-sys-color-outline-variant); border-radius: var(--md-sys-shape-corner-large); padding: var(--md-sys-spacing-8); min-height: var(--md-sys-spacing-8); display: flex; flex-direction: column; transition: transform var(--md-sys-motion-spring-expressive-default-spatial-duration, 500ms) var(--md-sys-motion-spring-expressive-default-spatial, cubic-bezier(0.38, 1.21, 0.22, 1.00)), box-shadow var(--md-sys-motion-duration-short2) var(--md-sys-motion-easing-standard), background-color var(--md-sys-motion-duration-short2) var(--md-sys-motion-easing-standard); transform: scale(1); cursor: default; box-shadow: var(--md-sys-elevation-level1); outline: none; will-change: transform, box-shadow;"
    >
      <div
        style="position: relative; display: flex; align-items: center; justify-content: space-between; margin-bottom: var(--md-sys-spacing-4);"
      >
        <div
          style="width: var(--md-sys-spacing-10); height: var(--md-sys-spacing-10); border-radius: var(--md-sys-shape-corner-large); background: var(--md-sys-color-surface-container-high); display: flex; align-items: center; justify-content: center; flex-shrink: 0;"
        >
          <span
            class="material-symbols-outlined"
            style="font-size: var(--md-sys-typescale-title-large-font-size); color: var(--md-sys-color-primary); user-select: none; font-variation-settings: 'FILL' 0, 'wght' 400, 'GRAD' 0, 'opsz' 24;"
          >
            test-icon
          </span>
        </div>
      </div>
      <div
        style="flex-grow: 1; display: flex; flex-direction: column; gap: var(--md-sys-spacing-1);"
      >
        <h3
          class="MuiTypography-root MuiTypography-subtitle2 css-1p9o02s-MuiTypography-root"
        >
          Test Title
        </h3>
        <p
          class="MuiTypography-root MuiTypography-body2 css-3m6yds-MuiTypography-root"
        >
          Test description
        </p>
      </div>
    </div>
  </div>
</div>
`;
