// Vitest Snapshot v1, https://vitest.dev/guide/snapshot.html

exports[`TextField Story Snapshots > renders default story correctly 1`] = `
<div>
  <div
    aria-label="DocenteDoc AI Application"
    class="MuiPaper-root MuiPaper-elevation MuiPaper-rounded MuiPaper-elevation0 css-1p2xf3b-MuiPaper-root"
    role="application"
    style="--Paper-shadow: none;"
  >
    <div
      class="MuiFormControl-root MuiTextField-root css-gniqge-MuiFormControl-root-MuiTextField-root"
    >
      <label
        class="MuiFormLabel-root MuiInputLabel-root MuiInputLabel-formControl MuiInputLabel-animated MuiInputLabel-outlined MuiFormLabel-colorPrimary MuiInputLabel-root MuiInputLabel-formControl MuiInputLabel-animated MuiInputLabel-outlined css-19qnlrw-MuiFormLabel-root-MuiInputLabel-root"
        data-shrink="false"
        for=":r0:"
        id=":r0:-label"
      >
        Test
      </label>
      <div
        class="MuiInputBase-root MuiOutlinedInput-root MuiInputBase-colorPrimary MuiInputBase-formControl css-quhxjy-MuiInputBase-root-MuiOutlinedInput-root"
      >
        <input
          aria-invalid="false"
          class="MuiInputBase-input MuiOutlinedInput-input css-16wblaj-MuiInputBase-input-MuiOutlinedInput-input"
          id=":r0:"
          type="text"
          value=""
        />
        <fieldset
          aria-hidden="true"
          class="MuiOutlinedInput-notchedOutline css-18p5xg2-MuiNotchedOutlined-root-MuiOutlinedInput-notchedOutline"
        >
          <legend
            class="css-1n64csd-MuiNotchedOutlined-root"
          >
            <span>
              Test
            </span>
          </legend>
        </fieldset>
      </div>
    </div>
  </div>
</div>
`;
