// Vitest Snapshot v1, https://vitest.dev/guide/snapshot.html

exports[`TextArea Story Snapshots > renders default story correctly 1`] = `
<div>
  <div
    aria-label="DocenteDoc AI Application"
    class="MuiPaper-root MuiPaper-elevation MuiPaper-rounded MuiPaper-elevation0 css-1p2xf3b-MuiPaper-root"
    role="application"
    style="--Paper-shadow: none;"
  >
    <div
      class="MuiFormControl-root MuiTextField-root css-gniqge-MuiFormControl-root-MuiTextField-root"
    >
      <div
        class="MuiInputBase-root MuiOutlinedInput-root MuiInputBase-colorPrimary MuiInputBase-formControl MuiInputBase-multiline css-xrmkj5-MuiInputBase-root-MuiOutlinedInput-root"
      >
        <textarea
          class="MuiInputBase-input MuiOutlinedInput-input MuiInputBase-inputMultiline css-w4nesw-MuiInputBase-input-MuiOutlinedInput-input"
          id=":r0:"
          rows="3"
          style="height: 0px; overflow: hidden;"
        />
        <textarea
          aria-hidden="true"
          class="MuiInputBase-input MuiOutlinedInput-input MuiInputBase-inputMultiline css-w4nesw-MuiInputBase-input-MuiOutlinedInput-input"
          readonly=""
          style="visibility: hidden; position: absolute; overflow: hidden; height: 0px; top: 0px; left: 0px; transform: translateZ(0); padding-top: 0px; padding-bottom: 0px; width: 100%;"
          tabindex="-1"
        />
        <fieldset
          aria-hidden="true"
          class="MuiOutlinedInput-notchedOutline css-18p5xg2-MuiNotchedOutlined-root-MuiOutlinedInput-notchedOutline"
        >
          <legend
            class="css-1nf2c5d-MuiNotchedOutlined-root"
          >
            <span
              aria-hidden="true"
              class="notranslate"
            >
              ​
            </span>
          </legend>
        </fieldset>
      </div>
    </div>
  </div>
</div>
`;
