// Vitest Snapshot v1, https://vitest.dev/guide/snapshot.html

exports[`ThinkingIndicator Story Snapshots > renders default story correctly 1`] = `
<div>
  <div
    aria-label="DocenteDoc AI application theme provider"
    class="MuiPaper-root MuiPaper-elevation MuiPaper-rounded MuiPaper-elevation1 css-1eiehof-MuiPaper-root"
    role="main"
    style="--Paper-shadow: 0px 2px 1px -1px rgba(0,0,0,0.2),0px 1px 1px 0px rgba(0,0,0,0.14),0px 1px 3px 0px rgba(0,0,0,0.12);"
  >
    <div
      style="display: flex; align-items: center; gap: var(--md-sys-spacing-3); padding: var(--md-sys-spacing-4); border-radius: var(--md-sys-shape-corner-medium); background-color: var(--md-sys-color-surface-container-low); opacity: var(--md-sys-state-opacity-placeholder); border: var(--md-sys-border-width-normal) solid var(--md-sys-color-on-primary);"
    >
      <div
        style="display: flex; gap: var(--md-sys-spacing-1);"
      >
        <div
          style="width: var(--md-sys-spacing-2); height: var(--md-sys-spacing-2); background-color: var(--md-sys-color-primary); border-radius: var(--md-sys-shape-corner-full); animation: pulse var(--md-sys-motion-duration-extra-long) var(--md-sys-motion-easing-standard) infinite; animation-delay: var(--md-sys-motion-duration-0);"
        />
        <div
          style="width: var(--md-sys-spacing-2); height: var(--md-sys-spacing-2); background-color: var(--md-sys-color-primary); border-radius: var(--md-sys-shape-corner-full); animation: pulse var(--md-sys-motion-duration-extra-long) var(--md-sys-motion-easing-standard) infinite; animation-delay: var(--md-sys-motion-duration-short);"
        />
        <div
          style="width: var(--md-sys-spacing-2); height: var(--md-sys-spacing-2); background-color: var(--md-sys-color-primary); border-radius: var(--md-sys-shape-corner-full); animation: pulse var(--md-sys-motion-duration-extra-long) var(--md-sys-motion-easing-standard) infinite; animation-delay: var(--md-sys-motion-duration-medium);"
        />
      </div>
      <span
        style="font-size: var(--md-sys-typescale-body-large-font-size); line-height: var(--md-sys-typescale-body-large-line-height); font-weight: var(--md-sys-typescale-body-large-font-weight); color: var(--md-sys-color-on-surface-variant); font-family: var(--md-sys-typescale-body-large-font-family); flex-grow: 1;"
      >
        Pensando...
      </span>
      <div
        style="width: var(--md-sys-spacing-8); height: var(--md-sys-spacing-8); border-radius: var(--md-sys-shape-corner-full); background-color: var(--md-sys-color-primary); opacity: var(--md-sys-state-opacity-tint-faint); display: flex; align-items: center; justify-content: center;"
      >
        <span
          style="font-size: var(--md-sys-typescale-body-large-font-size); color: var(--md-sys-color-primary); font-weight: var(--md-sys-typescale-body-large-font-weight); line-height: var(--md-sys-typescale-body-large-line-height);"
        >
          smart_toy
        </span>
      </div>
    </div>
  </div>
</div>
`;
